slurmstepd: error: *** JOB 37672 ON pika CANCELLED AT 2023-05-30T16:59:36 ***
